data:
  values: LSB1cmw6IGh0dHBzOi8vaHR0cHM6Ly9wcm9tZXRoZXVzL2Jhci9hcGkvdjEvd3JpdGUKICBuYW1lOiAiIgogIHNlbmRleGVtcGxhcnM6IG51bGwKICByZW1vdGV0aW1lb3V0OiAiIgogIGhlYWRlcnM6IHt9CiAgd3JpdGVyZWxhYmVsY29uZmlnczogW10KICBvYXV0aDI6IG51bGwKICBiYXNpY2F1dGg6CiAgICB1c2VybmFtZToKICAgICAgbG9jYWxvYmplY3RyZWZlcmVuY2U6CiAgICAgICAgbmFtZTogYWdlbnQtcmVtb3RlLXdyaXRlCiAgICAgIGtleTogdXNlcm5hbWUKICAgICAgb3B0aW9uYWw6IG51bGwKICAgIHBhc3N3b3JkOgogICAgICBsb2NhbG9iamVjdHJlZmVyZW5jZToKICAgICAgICBuYW1lOiBhZ2VudC1yZW1vdGUtd3JpdGUKICAgICAga2V5OiBwYXNzd29yZAogICAgICBvcHRpb25hbDogbnVsbAogIGJlYXJlcnRva2VuOiAiIgogIGJlYXJlcnRva2VuZmlsZTogIiIKICBhdXRob3JpemF0aW9uOiBudWxsCiAgc2lndjQ6IG51bGwKICB0bHNjb25maWc6IG51bGwKICBwcm94eXVybDogIiIKICBxdWV1ZWNvbmZpZzogbnVsbAogIG1ldGFkYXRhY29uZmlnOiBudWxsCg==
metadata:
  creationTimestamp: null
  labels:
    app.kubernetes.io/instance: bar
    app.kubernetes.io/managed-by: prometheus-meta-operator
    app.kubernetes.io/name: prometheus
    giantswarm.io/cluster: bar
  name: agent-remote-write-config
  namespace: bar
type: Opaque
