data:
  values: cmVtb3Rld3JpdGU6Ci0gdXJsOiBodHRwczovL2h0dHBzOi8vcHJvbWV0aGV1cy9iYXIvYXBpL3YxL3dyaXRlCiAgbmFtZTogIiIKICBzZW5kZXhlbXBsYXJzOiBudWxsCiAgcmVtb3RldGltZW91dDogIiIKICBoZWFkZXJzOiB7fQogIHdyaXRlcmVsYWJlbGNvbmZpZ3M6IFtdCiAgb2F1dGgyOiBudWxsCiAgYmFzaWNhdXRoOgogICAgdXNlcm5hbWU6CiAgICAgIGxvY2Fsb2JqZWN0cmVmZXJlbmNlOgogICAgICAgIG5hbWU6IHJlbW90ZS13cml0ZS1hcGktZW5kcG9pbnQKICAgICAga2V5OiB1c2VybmFtZQogICAgICBvcHRpb25hbDogbnVsbAogICAgcGFzc3dvcmQ6CiAgICAgIGxvY2Fsb2JqZWN0cmVmZXJlbmNlOgogICAgICAgIG5hbWU6IHJlbW90ZS13cml0ZS1hcGktZW5kcG9pbnQKICAgICAga2V5OiBwYXNzd29yZAogICAgICBvcHRpb25hbDogbnVsbAogIGJlYXJlcnRva2VuOiAiIgogIGJlYXJlcnRva2VuZmlsZTogIiIKICBhdXRob3JpemF0aW9uOiBudWxsCiAgc2lndjQ6IG51bGwKICB0bHNjb25maWc6IG51bGwKICBwcm94eXVybDogIiIKICBxdWV1ZWNvbmZpZzogbnVsbAogIG1ldGFkYXRhY29uZmlnOiBudWxsCg==
metadata:
  creationTimestamp: null
  labels:
    app.kubernetes.io/instance: bar
    app.kubernetes.io/managed-by: prometheus-meta-operator
    app.kubernetes.io/name: prometheus
    giantswarm.io/cluster: bar
  name: remote-write-api-endpoint-config
  namespace: bar
type: Opaque
