data:
  values: cmVtb3Rld3JpdGU6Ci0gdXJsOiBodHRwczovL2h0dHBzOi8vcHJvbWV0aGV1cy9iYXovYXBpL3YxL3dyaXRlCiAgbmFtZTogIiIKICBzZW5kZXhlbXBsYXJzOiBudWxsCiAgcmVtb3RldGltZW91dDogIiIKICBoZWFkZXJzOiB7fQogIHdyaXRlcmVsYWJlbGNvbmZpZ3M6IFtdCiAgb2F1dGgyOiBudWxsCiAgYmFzaWNhdXRoOgogICAgdXNlcm5hbWU6CiAgICAgIGxvY2Fsb2JqZWN0cmVmZXJlbmNlOgogICAgICAgIG5hbWU6IGFnZW50LXJlbW90ZS13cml0ZQogICAgICBrZXk6IHVzZXJuYW1lCiAgICAgIG9wdGlvbmFsOiBudWxsCiAgICBwYXNzd29yZDoKICAgICAgbG9jYWxvYmplY3RyZWZlcmVuY2U6CiAgICAgICAgbmFtZTogYWdlbnQtcmVtb3RlLXdyaXRlCiAgICAgIGtleTogcGFzc3dvcmQKICAgICAgb3B0aW9uYWw6IG51bGwKICBiZWFyZXJ0b2tlbjogIiIKICBiZWFyZXJ0b2tlbmZpbGU6ICIiCiAgYXV0aG9yaXphdGlvbjogbnVsbAogIHNpZ3Y0OiBudWxsCiAgdGxzY29uZmlnOiBudWxsCiAgcHJveHl1cmw6ICIiCiAgcXVldWVjb25maWc6IG51bGwKICBtZXRhZGF0YWNvbmZpZzogbnVsbAo=
metadata:
  creationTimestamp: null
  labels:
    app.kubernetes.io/instance: baz
    app.kubernetes.io/managed-by: prometheus-meta-operator
    app.kubernetes.io/name: prometheus
    giantswarm.io/cluster: baz
  name: agent-remote-write-config
  namespace: baz
type: Opaque
