data:
  values: cmVtb3RlV3JpdGU6Ci0gYmFzaWNBdXRoOgogICAgcGFzc3dvcmQ6CiAgICAgIGtleTogcGFzc3dvcmQKICAgICAgbmFtZTogcmVtb3RlLXdyaXRlLWFwaS1lbmRwb2ludAogICAgdXNlcm5hbWU6CiAgICAgIGtleTogdXNlcm5hbWUKICAgICAgbmFtZTogcmVtb3RlLXdyaXRlLWFwaS1lbmRwb2ludAogIHVybDogaHR0cHM6Ly9odHRwczovL3Byb21ldGhldXMvYmFyL2FwaS92MS93cml0ZQo=
metadata:
  creationTimestamp: null
  labels:
    app.kubernetes.io/instance: bar
    app.kubernetes.io/managed-by: prometheus-meta-operator
    app.kubernetes.io/name: prometheus
    giantswarm.io/cluster: bar
  name: remote-write-api-endpoint-config
  namespace: bar
type: Opaque
