apiVersion: v1
kind: Ingress
metadata:
  annotations:
    external-dns.alpha.kubernetes.io/hostname: prometheus.3lkdj.test.gigantic.io
    giantswarm.io/external-dns: managed
    nginx.ingress.kubernetes.io/auth-signin: https://$host/oauth2/start?rd=$escaped_request_uri
    nginx.ingress.kubernetes.io/auth-url: https://$host/oauth2/auth
    nginx.ingress.kubernetes.io/whitelist-source-range: 21.10.178/24
  creationTimestamp: null
  labels:
    app.kubernetes.io/instance: eks-sample
    app.kubernetes.io/managed-by: prometheus-meta-operator
    app.kubernetes.io/name: prometheus
    giantswarm.io/cluster: eks-sample
  name: prometheus-eks-sample
  namespace: eks-sample-prometheus
spec:
  ingressClassName: nginx
  rules:
  - host: prometheus.3lkdj.test.gigantic.io
    http:
      paths:
      - backend:
          service:
            name: prometheus-operated
            port:
              number: 9090
        path: /eks-sample
        pathType: ImplementationSpecific
status:
  loadBalancer: {}
