metadata:
  creationTimestamp: null
  labels:
    app.kubernetes.io/instance: kubernetes
    app.kubernetes.io/managed-by: prometheus-meta-operator
    app.kubernetes.io/name: prometheus
  name: prometheus
  namespace: kubernetes-prometheus
spec:
  resourcePolicy:
    containerPolicies:
    - containerName: prometheus
      controlledValues: RequestsAndLimits
      mode: Auto
  targetRef:
    apiVersion: apps/v1
    kind: StatefulSet
    name: prometheus-kubernetes
  updatePolicy:
    updateMode: Auto
status: {}
