data:
  password: cGFzc3dvcmQ=
  username: YmFy
metadata:
  creationTimestamp: null
  labels:
    app.kubernetes.io/instance: bar
    app.kubernetes.io/managed-by: prometheus-meta-operator
    app.kubernetes.io/name: prometheus
    giantswarm.io/cluster: bar
  name: remote-write-api-endpoint
  namespace: bar
type: Opaque
