data:
  auth: YWxpY2U6ZW5jcnlwdGVk
  password: cGFzc3dvcmQ=
  username: YWxpY2U=
metadata:
  creationTimestamp: null
  labels:
    app.kubernetes.io/instance: alice
    app.kubernetes.io/managed-by: prometheus-meta-operator
    app.kubernetes.io/name: prometheus
    giantswarm.io/cluster: alice
  name: agent-remote-write
  namespace: alice-prometheus
type: Opaque
