data:
  password: cGFzc3dvcmQ=
  username: a3ViZXJuZXRlcw==
metadata:
  creationTimestamp: null
  labels:
    app.kubernetes.io/instance: kubernetes
    app.kubernetes.io/managed-by: prometheus-meta-operator
    app.kubernetes.io/name: prometheus
    giantswarm.io/cluster: kubernetes
  name: remote-write-api-endpoint
  namespace: kubernetes
type: Opaque
