apiVersion: v1
kind: Namespace
metadata:
  creationTimestamp: null
  labels:
    app.kubernetes.io/instance: eks-sample
    app.kubernetes.io/managed-by: prometheus-meta-operator
    app.kubernetes.io/name: prometheus
    giantswarm.io/cluster: eks-sample
  name: eks-sample-prometheus
spec: {}
status: {}
