apiVersion: v1
kind: Namespace
metadata:
  creationTimestamp: null
  labels:
    app.kubernetes.io/instance: test-installation
    app.kubernetes.io/managed-by: prometheus-meta-operator
    app.kubernetes.io/name: prometheus
    giantswarm.io/cluster: test-installation
  name: test-installation-prometheus
spec: {}
status: {}
