data:
  auth: Zm9vOmVuY3J5cHRlZA==
  password: cGFzc3dvcmQ=
  username: Zm9v
metadata:
  creationTimestamp: null
  labels:
    app.kubernetes.io/instance: foo
    app.kubernetes.io/managed-by: prometheus-meta-operator
    app.kubernetes.io/name: prometheus
    giantswarm.io/cluster: foo
  name: agent-remote-write
  namespace: foo-prometheus
type: Opaque
