metadata:
  creationTimestamp: null
  labels:
    app.kubernetes.io/instance: alice
    app.kubernetes.io/managed-by: prometheus-meta-operator
    app.kubernetes.io/name: prometheus
    giantswarm.io/cluster: alice
  name: alice
  namespace: alice-prometheus
spec:
  additionalAlertManagerConfigs:
    key: alertmanager-additional.yaml
    name: alertmanager-config
  additionalScrapeConfigs:
    key: prometheus-additional.yaml
    name: additional-scrape-configs
  affinity:
    nodeAffinity:
      requiredDuringSchedulingIgnoredDuringExecution:
        nodeSelectorTerms:
        - matchExpressions:
          - key: node-role.kubernetes.io/control-plane
            operator: DoesNotExist
  apiserverConfig:
    authorization:
      credentialsFile: /etc/prometheus/secrets/cluster-certificates/token
    host: https://master.alice:443
    tlsConfig:
      ca: {}
      caFile: /etc/prometheus/secrets/cluster-certificates/ca
      cert: {}
  arbitraryFSAccessThroughSMs: {}
  enableRemoteWriteReceiver: true
  evaluationInterval: 60s
  externalLabels:
    cluster_id: alice
    cluster_type: workload_cluster
    customer: Giant Swarm
    installation: test-installation
    pipeline: testing
    provider: aws
    region: onprem
  externalUrl: http://prometheus/alice
  image: quay.io/giantswarm/prometheus:v2.28.1
  keepDroppedTargets: 5
  logLevel: debug
  podMetadata:
    labels:
      app.kubernetes.io/instance: alice
      app.kubernetes.io/managed-by: prometheus-meta-operator
      app.kubernetes.io/name: prometheus
      giantswarm.io/cluster: alice
      giantswarm.io/monitoring: "true"
  priorityClassName: prometheus
  replicas: 1
  resources:
    limits:
      cpu: 150m
      memory: "1073741824"
    requests:
      cpu: 100m
      memory: "1073741824"
  retentionSize: 85GiB
  routePrefix: /alice
  ruleNamespaceSelector:
    matchExpressions:
    - key: kubernetes.io/metadata.name
      operator: Exists
  ruleSelector:
    matchExpressions:
    - key: cluster_type
      operator: NotIn
      values:
      - management_cluster
    - key: application.giantswarm.io/team
      operator: Exists
  rules:
    alert: {}
  scrapeInterval: 60s
  secrets:
  - cluster-certificates
  securityContext:
    fsGroup: 2000
    runAsGroup: 65534
    runAsNonRoot: true
    runAsUser: 1000
    seccompProfile:
      type: RuntimeDefault
  serviceMonitorNamespaceSelector:
    matchExpressions:
    - key: nonexistentkey
      operator: Exists
  serviceMonitorSelector:
    matchExpressions:
    - key: nonexistentkey
      operator: Exists
  shards: 1
  storage:
    volumeClaimTemplate:
      metadata: {}
      spec:
        accessModes:
        - ReadWriteOnce
        resources:
          requests:
            storage: 100Gi
      status: {}
  topologySpreadConstraints:
  - labelSelector:
      matchLabels:
        app.kubernetes.io/name: prometheus
    maxSkew: 1
    topologyKey: kubernetes.io/hostname
    whenUnsatisfiable: ScheduleAnyway
  tsdb: {}
  version: v2.28.1
  walCompression: true
  web:
    pageTitle: test-installation/alice Prometheus
status:
  availableReplicas: 0
  paused: false
  replicas: 0
  unavailableReplicas: 0
  updatedReplicas: 0
