metadata:
  creationTimestamp: null
  labels:
    app.kubernetes.io/instance: foo
    app.kubernetes.io/managed-by: prometheus-meta-operator
    app.kubernetes.io/name: prometheus
    giantswarm.io/cluster: foo
  name: foo
  namespace: foo-prometheus
spec:
  additionalAlertManagerConfigs:
    key: alertmanager-additional.yaml
    name: alertmanager-config
  additionalScrapeConfigs:
    key: prometheus-additional.yaml
    name: additional-scrape-configs
  affinity:
    nodeAffinity:
      requiredDuringSchedulingIgnoredDuringExecution:
        nodeSelectorTerms:
        - matchExpressions:
          - key: role
            operator: NotIn
            values:
            - master
  apiserverConfig:
    host: https://master.foo:443
    tlsConfig:
      ca: {}
      caFile: /etc/prometheus/secrets/cluster-certificates/ca
      cert: {}
      certFile: /etc/prometheus/secrets/cluster-certificates/crt
      keyFile: /etc/prometheus/secrets/cluster-certificates/key
  arbitraryFSAccessThroughSMs: {}
  enableFeatures:
  - remote-write-receiver
  externalLabels:
    cluster_id: foo
    cluster_type: workload_cluster
    customer: Giant Swarm
    installation: test-installation
    pipeline: testing
    provider: provider
    region: onprem
  externalUrl: http://prometheus/foo
  image: quay.io/giantswarm/prometheus:v2.28.1
  logLevel: debug
  podMetadata:
    labels:
      app.kubernetes.io/instance: foo
      app.kubernetes.io/managed-by: prometheus-meta-operator
      app.kubernetes.io/name: prometheus
      giantswarm.io/cluster: foo
      giantswarm.io/monitoring: "true"
  priorityClassName: prometheus
  replicas: 1
  resources:
    limits:
      cpu: 150m
      memory: "1288490188"
    requests:
      cpu: 100m
      memory: "1073741824"
  retention: 2w
  retentionSize: 45Gi
  routePrefix: /foo
  ruleNamespaceSelector:
    matchLabels:
      name: monitoring
  ruleSelector:
    matchExpressions:
    - key: cluster_type
      operator: NotIn
      values:
      - management_cluster
  rules:
    alert: {}
  scrapeInterval: 60s
  secrets:
  - cluster-certificates
  securityContext:
    fsGroup: 2000
    runAsGroup: 65534
    runAsNonRoot: true
    runAsUser: 1000
  serviceMonitorNamespaceSelector:
    matchExpressions:
    - key: nonexistentkey
      operator: Exists
  serviceMonitorSelector:
    matchExpressions:
    - key: nonexistentkey
      operator: Exists
  storage:
    volumeClaimTemplate:
      metadata: {}
      spec:
        accessModes:
        - ReadWriteOnce
        resources:
          requests:
            storage: 100Gi
      status: {}
  topologySpreadConstraints:
  - labelSelector:
      matchLabels:
        app.kubernetes.io/name: prometheus
    maxSkew: 1
    topologyKey: kubernetes.io/hostname
    whenUnsatisfiable: ScheduleAnyway
  tsdb: {}
  walCompression: true
  web:
    pageTitle: test-installation/foo Prometheus
status:
  availableReplicas: 0
  paused: false
  replicas: 0
  unavailableReplicas: 0
  updatedReplicas: 0
