apiVersion: v1
kind: Ingress
metadata:
  annotations:
    nginx.ingress.kubernetes.io/auth-signin: https://$host/oauth2/start?rd=$escaped_request_uri
    nginx.ingress.kubernetes.io/auth-url: https://$host/oauth2/auth
    nginx.ingress.kubernetes.io/whitelist-source-range: 21.10.178/24
  creationTimestamp: null
  labels:
    app.kubernetes.io/instance: foo
    app.kubernetes.io/managed-by: prometheus-meta-operator
    app.kubernetes.io/name: prometheus
    giantswarm.io/cluster: foo
  name: prometheus-foo
  namespace: foo-prometheus
spec:
  ingressClassName: nginx
  rules:
  - host: prometheus
    http:
      paths:
      - backend:
          service:
            name: prometheus-operated
            port:
              number: 9090
        path: /foo
        pathType: ImplementationSpecific
status:
  loadBalancer: {}
